// Jest Snapshot v1, https://goo.gl/fbAQLP

exports[`BannerCategory component renders component correctly 1`] = `
<DocumentFragment>
  <article
    class="left-filter-container"
  >
    <h2
      class="title-filter"
    >
      Filters
    </h2>
    <section
      class="list-cate-item"
    >
      <h3
        class="cate-title"
      >
        PRODUCT CATEGORY
      </h3>
      <div
        class="list-container list-check"
      />
    </section>
    <section
      class="button-clear"
    >
      <button
        class="align-center btn clear-all-filter btn-action"
      >
        Clear Filters
      </button>
    </section>
  </article>
</DocumentFragment>
`;
