// Jest Snapshot v1, https://goo.gl/fbAQLP

exports[`CustomerTestimonials Component matches snapshot 1`] = `
<DocumentFragment>
  <article
    class="testimonials-list-container"
  >
    <div
      class="testimonials-list-container-box"
    >
      <header>
        <h3
          class="title-header"
        >
          CUSTOMER TESTIMONIALS
        </h3>
      </header>
      <section
        class="list-data"
      >
        <div
          class="box-voted"
        >
          <h4
            class="voted-box-title"
          >
            VOTED BEST ONLINE DISPENSARY IN CANADA
          </h4>
          <hr
            class="line-hor"
          />
          <div
            class="google-grey"
          >
            <img
              alt="Google"
              src="IMAGE_MOCK"
            />
          </div>
          <div
            class="bottom-box-voted"
          >
            <p
              class="excellence"
            >
              EXCELLENCE
            </p>
            <div
              class="rating-bottom"
            >
              <div
                class="list-star"
              >
                <img
                  alt="Star"
                  src="IMAGE_MOCK"
                />
                <img
                  alt="Star"
                  src="IMAGE_MOCK"
                />
                <img
                  alt="Star"
                  src="IMAGE_MOCK"
                />
                <img
                  alt="Star"
                  src="IMAGE_MOCK"
                />
                <img
                  alt="Star"
                  src="IMAGE_MOCK"
                />
              </div>
              <p
                class="total-reviews"
              >
                on 135 
                <span
                  class="review-text"
                >
                  Reviews
                </span>
              </p>
            </div>
          </div>
        </div>
        <div
          class="testimonials-list"
        >
          <div>
            <div>
              <div>
                <article
                  class="testimonials-container-box"
                >
                  <header
                    class="testimonials-container-box-header"
                  >
                    <figure
                      class="card-image"
                    >
                      <img
                        alt="Vikki Starr"
                        class="splide-product-image"
                        decoding="async"
                        loading="lazy"
                        src="/src/assets/images/reviews/VikkiStarr.png"
                      />
                      <figcaption
                        class="user-name"
                      >
                        Vikki Starr
                      </figcaption>
                    </figure>
                  </header>
                  <div
                    class="box-content-testimonials"
                  >
                    <div
                      class="rating-star"
                    >
                      <img
                        alt="Star"
                        src="IMAGE_MOCK"
                      />
                      <img
                        alt="Star"
                        src="IMAGE_MOCK"
                      />
                      <img
                        alt="Star"
                        src="IMAGE_MOCK"
                      />
                      <img
                        alt="Star"
                        src="IMAGE_MOCK"
                      />
                      <img
                        alt="Star"
                        src="/src/assets/images/star.svg"
                      />
                    </div>
                    <p
                      class="comment-content"
                    >
                      Absolutely love TopShelfBC; affordable on any budget and such fast delivery, straight to my door! I recommend them to all my friends and family for their 420 needs.
                    </p>
                    <p
                      class="date-comment"
                    >
                      January 15, 2023
                    </p>
                  </div>
                </article>
              </div>
              <div>
                <article
                  class="testimonials-container-box"
                >
                  <header
                    class="testimonials-container-box-header"
                  >
                    <figure
                      class="card-image"
                    >
                      <img
                        alt="Vikki Starr"
                        class="splide-product-image"
                        decoding="async"
                        loading="lazy"
                        src="/src/assets/images/reviews/VikkiStarr.png"
                      />
                      <figcaption
                        class="user-name"
                      >
                        Vikki Starr
                      </figcaption>
                    </figure>
                  </header>
                  <div
                    class="box-content-testimonials"
                  >
                    <div
                      class="rating-star"
                    >
                      <img
                        alt="Star"
                        src="IMAGE_MOCK"
                      />
                      <img
                        alt="Star"
                        src="IMAGE_MOCK"
                      />
                      <img
                        alt="Star"
                        src="IMAGE_MOCK"
                      />
                      <img
                        alt="Star"
                        src="IMAGE_MOCK"
                      />
                      <img
                        alt="Star"
                        src="/src/assets/images/star.svg"
                      />
                    </div>
                    <p
                      class="comment-content"
                    >
                      Absolutely love TopShelfBC; affordable on any budget and such fast delivery, straight to my door! I recommend them to all my friends and family for their 420 needs.
                    </p>
                    <p
                      class="date-comment"
                    >
                      January 15, 2023
                    </p>
                  </div>
                </article>
              </div>
              <div>
                <article
                  class="testimonials-container-box"
                >
                  <header
                    class="testimonials-container-box-header"
                  >
                    <figure
                      class="card-image"
                    >
                      <img
                        alt="Vikki Starr"
                        class="splide-product-image"
                        decoding="async"
                        loading="lazy"
                        src="/src/assets/images/reviews/VikkiStarr.png"
                      />
                      <figcaption
                        class="user-name"
                      >
                        Vikki Starr
                      </figcaption>
                    </figure>
                  </header>
                  <div
                    class="box-content-testimonials"
                  >
                    <div
                      class="rating-star"
                    >
                      <img
                        alt="Star"
                        src="IMAGE_MOCK"
                      />
                      <img
                        alt="Star"
                        src="IMAGE_MOCK"
                      />
                      <img
                        alt="Star"
                        src="IMAGE_MOCK"
                      />
                      <img
                        alt="Star"
                        src="IMAGE_MOCK"
                      />
                      <img
                        alt="Star"
                        src="IMAGE_MOCK"
                      />
                    </div>
                    <p
                      class="comment-content"
                    >
                      Absolutely love TopShelfBC; affordable on any budget and such fast delivery, straight to my door! I recommend them to all my friends and family for their 420 needs.
                    </p>
                    <p
                      class="date-comment"
                    >
                      January 15, 2023
                    </p>
                  </div>
                </article>
              </div>
              <div>
                <article
                  class="testimonials-container-box"
                >
                  <header
                    class="testimonials-container-box-header"
                  >
                    <figure
                      class="card-image"
                    >
                      <img
                        alt="Vikki Starr"
                        class="splide-product-image"
                        decoding="async"
                        loading="lazy"
                        src="/src/assets/images/reviews/VikkiStarr.png"
                      />
                      <figcaption
                        class="user-name"
                      >
                        Vikki Starr
                      </figcaption>
                    </figure>
                  </header>
                  <div
                    class="box-content-testimonials"
                  >
                    <div
                      class="rating-star"
                    >
                      <img
                        alt="Star"
                        src="IMAGE_MOCK"
                      />
                      <img
                        alt="Star"
                        src="IMAGE_MOCK"
                      />
                      <img
                        alt="Star"
                        src="IMAGE_MOCK"
                      />
                      <img
                        alt="Star"
                        src="IMAGE_MOCK"
                      />
                      <img
                        alt="Star"
                        src="IMAGE_MOCK"
                      />
                    </div>
                    <p
                      class="comment-content"
                    >
                      Absolutely love TopShelfBC; affordable on any budget and such fast delivery, straight to my door! I recommend them to all my friends and family for their 420 needs.
                    </p>
                    <p
                      class="date-comment"
                    >
                      January 15, 2023
                    </p>
                  </div>
                </article>
              </div>
              <div>
                <article
                  class="testimonials-container-box"
                >
                  <header
                    class="testimonials-container-box-header"
                  >
                    <figure
                      class="card-image"
                    >
                      <img
                        alt="Vikki Starr"
                        class="splide-product-image"
                        decoding="async"
                        loading="lazy"
                        src="/src/assets/images/reviews/VikkiStarr.png"
                      />
                      <figcaption
                        class="user-name"
                      >
                        Vikki Starr
                      </figcaption>
                    </figure>
                  </header>
                  <div
                    class="box-content-testimonials"
                  >
                    <div
                      class="rating-star"
                    >
                      <img
                        alt="Star"
                        src="IMAGE_MOCK"
                      />
                      <img
                        alt="Star"
                        src="IMAGE_MOCK"
                      />
                      <img
                        alt="Star"
                        src="IMAGE_MOCK"
                      />
                      <img
                        alt="Star"
                        src="IMAGE_MOCK"
                      />
                      <img
                        alt="Star"
                        src="IMAGE_MOCK"
                      />
                    </div>
                    <p
                      class="comment-content"
                    >
                      Absolutely love TopShelfBC; affordable on any budget and such fast delivery, straight to my door! I recommend them to all my friends and family for their 420 needs.
                    </p>
                    <p
                      class="date-comment"
                    >
                      January 15, 2023
                    </p>
                  </div>
                </article>
              </div>
              <div>
                <article
                  class="testimonials-container-box"
                >
                  <header
                    class="testimonials-container-box-header"
                  >
                    <figure
                      class="card-image"
                    >
                      <img
                        alt="Vikki Starr"
                        class="splide-product-image"
                        decoding="async"
                        loading="lazy"
                        src="/src/assets/images/reviews/VikkiStarr.png"
                      />
                      <figcaption
                        class="user-name"
                      >
                        Vikki Starr
                      </figcaption>
                    </figure>
                  </header>
                  <div
                    class="box-content-testimonials"
                  >
                    <div
                      class="rating-star"
                    >
                      <img
                        alt="Star"
                        src="IMAGE_MOCK"
                      />
                      <img
                        alt="Star"
                        src="IMAGE_MOCK"
                      />
                      <img
                        alt="Star"
                        src="IMAGE_MOCK"
                      />
                      <img
                        alt="Star"
                        src="IMAGE_MOCK"
                      />
                      <img
                        alt="Star"
                        src="IMAGE_MOCK"
                      />
                    </div>
                    <p
                      class="comment-content"
                    >
                      Absolutely love TopShelfBC; affordable on any budget and such fast delivery, straight to my door! I recommend them to all my friends and family for their 420 needs.
                    </p>
                    <p
                      class="date-comment"
                    >
                      January 15, 2023
                    </p>
                  </div>
                </article>
              </div>
            </div>
          </div>
        </div>
      </section>
    </div>
  </article>
</DocumentFragment>
`;
