// Jest Snapshot v1, https://goo.gl/fbAQLP

exports[`ItemCard ItemCard renders correctly 1`] = `
<div>
  <article
    class="item-card test-class"
    data-testid="item-card-1"
  >
    <a
      href="/products/1"
    >
      <section
        class="image-card"
      >
        <img
          alt=""
          data-testid="item-image"
          src="image-url-1"
        />
      </section>
      <section
        class="content-item"
      >
        <p
          class="cate-item"
          data-testid="category"
        >
          Category A
        </p>
        <h2
          class="title-item"
          data-testid="name"
        >
          Product A
        </h2>
        <div
          class="star-review"
        >
          <span
            class="voted"
          >
            <img
              alt="Star"
              data-testid="star-image"
              src="IMAGE_MOCK"
            />
            /
            5
          </span>
          <span
            class="review"
            data-testid="reviews"
          >
            15
            <span
              class="reviewsText"
            >
              Reviews
            </span>
          </span>
        </div>
        <div
          class="sale"
          data-testid="sale"
        >
          30%
        </div>
        <div
          class="discount-n-price"
          data-testid="discount"
        >
          <p
            class="discount"
          >
            $
            10
          </p>
          <p
            class="price"
            data-testid="price"
          >
            100
          </p>
        </div>
        <div
          class="volumes"
          data-testid="volumes"
        >
          <div
            class="volume-child"
            data-testid="volume-0"
          >
            100ml
          </div>
          <div
            class="volume-child"
            data-testid="volume-1"
          >
            200ml
          </div>
        </div>
      </section>
    </a>
    <div
      class="flex-container button-buy"
    >
      <button
        class="btn btn-add-cart"
        data-testid="add-to-cart-button"
      >
        Add to Cart
      </button>
    </div>
  </article>
</div>
`;
