// Jest Snapshot v1, https://goo.gl/fbAQLP

exports[`LoadingSpinner component matches the snapshot 1`] = `
<DocumentFragment>
  <section
    class="spinner-container"
    data-testid="spinner-container"
  >
    <div
      class="loading-spinner"
      data-testid="loading-spinner"
    />
  </section>
</DocumentFragment>
`;
