// Jest Snapshot v1, https://goo.gl/fbAQLP

exports[`ReferFriendItem Component renders the component with the correct title 1`] = `
<DocumentFragment>
  <article
    class="item-bottom"
  >
    <section
      class="flex-start-container top-header"
    >
      <div
        class="flex-container index-circle"
      >
        1
      </div>
      <div
        class="icon"
      >
        <img
          alt="Icon"
          src="icon.png"
        />
      </div>
    </section>
    <section
      class="item-content"
    >
      <h4
        class="item-content-title"
      >
        Sample Title
      </h4>
      <p
        class="item-content-description"
      >
        Sample Description
      </p>
    </section>
  </article>
</DocumentFragment>
`;
