// Jest Snapshot v1, https://goo.gl/fbAQLP

exports[`Button component renders button correctly 1`] = `
<span>
  Submit
</span>
`;

exports[`Button component renders button with primary variant 1`] = `
<span>
  Submit
</span>
`;

exports[`Button component renders button with secondary variant 1`] = `
<span>
  Submit
</span>
`;
