// Jest Snapshot v1, https://goo.gl/fbAQLP

exports[`WeedEducationPattern component renders correctly 1`] = `
<DocumentFragment>
  <article
    class="card-box-container weed-education-container"
  >
    <header
      class="flex-space-between-container header-title"
    >
      <h2
        class="title"
      >
        WEED EDUCATION
      </h2>
      <a
        class="show-all-link"
        href="https://weedmaps.com/learn"
      >
        Show All
      </a>
    </header>
    <section
      class="card-box"
    >
      <div
        class="card-box-element"
      >
        <main
          class="flex-start-container weed-education-box"
        >
          <section
            class="weed-education-group"
          >
            <article
              class="list-container weed-education-item"
              data-testid="weed-education-item"
            >
              <picture
                class="weed-education-item-image"
              >
                <img
                  alt="main image"
                  src="/src/assets/images/education/info.webp"
                />
              </picture>
              <section
                class="wrapper-container weed-education-item-content"
              >
                <header
                  class="wrapper-container weed-education-item-info"
                >
                  <h2
                    class="weed-education-item-subtitle"
                    data-testid="subtitle-test"
                  >
                    January 24, 2023
                  </h2>
                  <h1
                    class="weed-education-item-title"
                    data-testid="title-test"
                  >
                    12 Mistakes To Avoid When Buying Cannabis Online
                  </h1>
                  <p
                    class="weed-education-item-description"
                  >
                    Buying cannabis online can be a great way to get your hands on the products you need without leaving the comfort of your home. But …
                  </p>
                </header>
                <footer
                  class="weed-education-item-read-more"
                >
                  <a
                    class="base-link"
                    href="/home"
                  >
                    Read More
                  </a>
                </footer>
              </section>
            </article>
            <article
              class="list-container weed-education-item"
              data-testid="weed-education-item"
            >
              <picture
                class="weed-education-item-image"
              >
                <img
                  alt="main image"
                  src="/src/assets/images/education/weight.webp"
                />
              </picture>
              <section
                class="wrapper-container weed-education-item-content"
              >
                <header
                  class="wrapper-container weed-education-item-info"
                >
                  <h2
                    class="weed-education-item-subtitle"
                    data-testid="subtitle-test"
                  >
                    January 20, 2023
                  </h2>
                  <h1
                    class="weed-education-item-title"
                    data-testid="title-test"
                  >
                    How To Store Cannabis and Keep it Fresh and Potent?
                  </h1>
                  <p
                    class="weed-education-item-description"
                  >
                    Cannabis packaging has advanced dramatically in recent years, whether your state has a medicinal marijuana programme, legal adult-use weed, or both. Most ...
                  </p>
                </header>
                <footer
                  class="weed-education-item-read-more"
                >
                  <a
                    class="base-link"
                    href="/home"
                  >
                    Read More
                  </a>
                </footer>
              </section>
            </article>
            <article
              class="list-container weed-education-item"
              data-testid="weed-education-item"
            >
              <picture
                class="weed-education-item-image"
              >
                <img
                  alt="main image"
                  src="/src/assets/images/education/weight.webp"
                />
              </picture>
              <section
                class="wrapper-container weed-education-item-content"
              >
                <header
                  class="wrapper-container weed-education-item-info"
                >
                  <h2
                    class="weed-education-item-subtitle"
                    data-testid="subtitle-test"
                  >
                    January 19, 2023
                  </h2>
                  <h1
                    class="weed-education-item-title"
                    data-testid="title-test"
                  >
                    The Ultimate Guide to Checking the Quality of Cannabis – 10 Industry Leading Tips
                  </h1>
                  <p
                    class="weed-education-item-description"
                  >
                    Quality cannabis is a term used to describe cannabis products that meet specific standards of excellence. It is essential to understand what quality cannabis means, …
                  </p>
                </header>
                <footer
                  class="weed-education-item-read-more"
                >
                  <a
                    class="base-link"
                    href="/home"
                  >
                    Read More
                  </a>
                </footer>
              </section>
            </article>
          </section>
        </main>
      </div>
    </section>
  </article>
</DocumentFragment>
`;
